
> ecommerce-nextjs@0.1.0 build
> next build --turbopack

   Ôû▓ Next.js 15.5.3 (Turbopack)
   - Environments: .env

   Creating an optimized production build ...
 Ô£ô Finished writing to disk in 992ms
 Ô£ô Compiled successfully in 15.3s
   Linting and checking validity of types ...

Failed to compile.

./src/app/(home)/checkout/(checkout)/ui/PlaceOrder.tsx
15:11  Warning: 'router' is assigned a value but never used.  @typescript-eslint/no-unused-vars
23:32  Warning: 'envio' is assigned a value but never used.  @typescript-eslint/no-unused-vars
29:60  Error: Unexpected any. Specify a different type.  @typescript-eslint/no-explicit-any
54:8  Warning: React Hook useEffect has a missing dependency: 'loadShippingOptions'. Either include it or remove the dependency array.  react-hooks/exhaustive-deps

./src/app/(home)/checkout/confirm/ui/ConfirmOrderClient.tsx
25:37  Warning: 'envio' is assigned a value but never used.  @typescript-eslint/no-unused-vars
27:9  Warning: 'clearCart' is assigned a value but never used.  @typescript-eslint/no-unused-vars

./src/app/(home)/checkout/shipping/ui/ShippingClient.tsx
11:92  Warning: 'Info' is defined but never used.  @typescript-eslint/no-unused-vars

./src/app/(home)/order/[id]/payment/ui/PaymentClient.tsx
11:10  Warning: 'Wallet' is defined but never used.  @typescript-eslint/no-unused-vars
11:99  Warning: 'ChevronRight' is defined but never used.  @typescript-eslint/no-unused-vars
11:122  Warning: 'Info' is defined but never used.  @typescript-eslint/no-unused-vars
12:10  Warning: 'OrderStatus' is defined but never used.  @typescript-eslint/no-unused-vars
126:35  Error: Unexpected any. Specify a different type.  @typescript-eslint/no-explicit-any
154:24  Error: Unexpected any. Specify a different type.  @typescript-eslint/no-explicit-any

./src/app/(home)/profile/addresses/ui/ProfileAddressesClient.tsx
6:10  Warning: 'AddressModal' is defined but never used.  @typescript-eslint/no-unused-vars
16:12  Warning: 'showModal' is assigned a value but never used.  @typescript-eslint/no-unused-vars
17:12  Warning: 'selectedAddress' is assigned a value but never used.  @typescript-eslint/no-unused-vars
33:8  Warning: React Hook useEffect has a missing dependency: 'loadAddresses'. Either include it or remove the dependency array.  react-hooks/exhaustive-deps

./src/app/(home)/profile/orders/ui/OrdersClient.tsx
9:86  Warning: 'Smartphone' is defined but never used.  @typescript-eslint/no-unused-vars
134:33  Error: Unexpected any. Specify a different type.  @typescript-eslint/no-explicit-any

./src/app/(home)/profile/page.tsx
10:37  Error: Unexpected any. Specify a different type.  @typescript-eslint/no-explicit-any
40:87  Error: Unexpected any. Specify a different type.  @typescript-eslint/no-explicit-any

./src/app/admin/categories/CategoriesClient.tsx
46:14  Warning: 'err' is defined but never used.  @typescript-eslint/no-unused-vars
219:20  Warning: 'error' is defined but never used.  @typescript-eslint/no-unused-vars

./src/app/admin/DashboardClient.tsx
4:52  Warning: 'TrendingUp' is defined but never used.  @typescript-eslint/no-unused-vars
4:64  Warning: 'TrendingDown' is defined but never used.  @typescript-eslint/no-unused-vars

./src/app/admin/offers/OffersClient.tsx
5:39  Warning: 'Calendar' is defined but never used.  @typescript-eslint/no-unused-vars
85:14  Warning: 'err' is defined but never used.  @typescript-eslint/no-unused-vars
120:14  Warning: 'error' is defined but never used.  @typescript-eslint/no-unused-vars

./src/app/admin/orders/OrdersClient.tsx
7:40  Warning: 'Users' is defined but never used.  @typescript-eslint/no-unused-vars
64:14  Warning: 'error' is defined but never used.  @typescript-eslint/no-unused-vars
73:9  Warning: 'getStatusBadge' is assigned a value but never used.  @typescript-eslint/no-unused-vars

./src/app/admin/page.tsx
18:48  Error: Unexpected any. Specify a different type.  @typescript-eslint/no-explicit-any

./src/app/admin/products/new/NewProductForm.tsx
3:10  Warning: 'useEffect' is defined but never used.  @typescript-eslint/no-unused-vars
256:23  Warning: Using `<img>` could result in slower LCP and higher bandwidth. Consider using `<Image />` from `next/image` or a custom image loader to automatically optimize images. This may incur additional usage or cost from your provider. See: https://nextjs.org/docs/messages/no-img-element  @next/next/no-img-element

./src/app/admin/products/page.tsx
1:56  Warning: 'deleteProductAction' is defined but never used.  @typescript-eslint/no-unused-vars

./src/app/admin/products/[id]/EditProductClient.tsx
6:38  Warning: 'Plus' is defined but never used.  @typescript-eslint/no-unused-vars
83:14  Warning: 'err' is defined but never used.  @typescript-eslint/no-unused-vars

./src/app/admin/users/EmailMarketingModal.tsx
32:14  Warning: 'err' is defined but never used.  @typescript-eslint/no-unused-vars

./src/app/admin/users/UsersClient.tsx
5:24  Warning: 'Shield' is defined but never used.  @typescript-eslint/no-unused-vars
54:16  Warning: 'error' is defined but never used.  @typescript-eslint/no-unused-vars
76:16  Warning: 'error' is defined but never used.  @typescript-eslint/no-unused-vars
103:9  Warning: 'getRoleBadge' is assigned a value but never used.  @typescript-eslint/no-unused-vars
270:28  Warning: Expected an assignment or function call and instead saw an expression.  @typescript-eslint/no-unused-expressions

./src/app/api/mercadopago/webhook/route.ts
2:10  Warning: 'PaymentDAO' is defined but never used.  @typescript-eslint/no-unused-vars
3:10  Warning: 'OrderDAO' is defined but never used.  @typescript-eslint/no-unused-vars
4:10  Warning: 'OrderStatus' is defined but never used.  @typescript-eslint/no-unused-vars
4:23  Warning: 'PaymentProvider' is defined but never used.  @typescript-eslint/no-unused-vars
99:10  Warning: 'mapMercadoPagoStatus' is defined but never used.  @typescript-eslint/no-unused-vars

./src/app/api/shipping/calculate/route.ts
38:51  Error: Unexpected any. Specify a different type.  @typescript-eslint/no-explicit-any

./src/components/admin/ProductsTable.tsx
71:25  Warning: Using `<img>` could result in slower LCP and higher bandwidth. Consider using `<Image />` from `next/image` or a custom image loader to automatically optimize images. This may incur additional usage or cost from your provider. See: https://nextjs.org/docs/messages/no-img-element  @next/next/no-img-element

./src/components/auth/ForgotPasswordForm.tsx
35:18  Warning: 'err' is defined but never used.  @typescript-eslint/no-unused-vars

./src/components/auth/RegisterForm.tsx
91:13  Warning: 'confirmPassword' is assigned a value but never used.  @typescript-eslint/no-unused-vars

./src/components/auth/ResetPasswordForm.tsx
48:18  Warning: 'err' is defined but never used.  @typescript-eslint/no-unused-vars

./src/components/product/slideshow/ProductMobileSlideshow.tsx
6:30  Warning: 'Navigation' is defined but never used.  @typescript-eslint/no-unused-vars

./src/components/ui/Categories.tsx
6:10  Warning: 'useEffect' is defined but never used.  @typescript-eslint/no-unused-vars
6:21  Warning: 'useState' is defined but never used.  @typescript-eslint/no-unused-vars

./src/components/ui/Navbar.tsx
6:46  Warning: 'Loader2' is defined but never used.  @typescript-eslint/no-unused-vars

./src/components/ui/skeletons/ConfirmOrderSkeleton.tsx
1:10  Warning: 'ConfirmOrderSkeleton' is defined but never used.  @typescript-eslint/no-unused-vars

./src/core/admin/dashboard.service.ts
47:28  Error: Unexpected any. Specify a different type.  @typescript-eslint/no-explicit-any

./src/core/auth/auth.service.ts
16:14  Error: Unexpected any. Specify a different type.  @typescript-eslint/no-explicit-any
43:33  Error: Unexpected any. Specify a different type.  @typescript-eslint/no-explicit-any

./src/core/shipments/correo-argentino.service.ts
2:3  Warning: 'CorreoArgentinoQuoteRequest' is defined but never used.  @typescript-eslint/no-unused-vars

./src/lib/actions/product/product.actions.ts
16:14  Warning: 'err' is defined but never used.  @typescript-eslint/no-unused-vars

./src/lib/email/resend.ts
200:59  Warning: 'name' is defined but never used.  @typescript-eslint/no-unused-vars

./src/lib/store/cart-stores.ts
3:10  Warning: 'add' is defined but never used.  @typescript-eslint/no-unused-vars
114:35  Warning: '_addressSelected' is assigned a value but never used.  @typescript-eslint/no-unused-vars

./src/lib/types/product.types.ts
99:7  Warning: 'createdproduct' is assigned a value but only used as a type.  @typescript-eslint/no-unused-vars

info  - Need to disable some ESLint rules? Learn more here: https://nextjs.org/docs/app/api-reference/config/eslint#disabling-rules
