{"error":{"clientVersion":"6.16.2","name":"PrismaClientValidationError"},"level":"error","message":"Unhandled error","timestamp":"2025-09-21T21:04:40.161Z"}
{"error":{"clientVersion":"6.16.2","name":"PrismaClientValidationError"},"level":"error","message":"Unhandled error","timestamp":"2025-10-28T00:31:55.492Z"}
{"error":{"clientVersion":"6.16.2","name":"PrismaClientValidationError"},"level":"error","message":"Unhandled error","timestamp":"2025-10-28T00:33:25.229Z"}
{"error":{"clientVersion":"6.16.2","name":"PrismaClientValidationError"},"level":"error","message":"Unhandled error","timestamp":"2025-10-28T00:38:26.968Z"}
{"error":{"clientVersion":"6.16.2","name":"PrismaClientValidationError"},"level":"error","message":"Unhandled error","timestamp":"2025-10-28T00:39:18.274Z"}
{"error":{"clientVersion":"6.16.2","name":"PrismaClientValidationError"},"level":"error","message":"Unhandled error","timestamp":"2025-10-28T00:44:45.731Z"}
{"error":{"clientVersion":"6.16.2","name":"PrismaClientValidationError"},"level":"error","message":"Unhandled error","timestamp":"2025-10-28T00:49:02.995Z"}
{"error":{"clientVersion":"6.16.2","name":"PrismaClientValidationError"},"level":"error","message":"Unhandled error","timestamp":"2025-10-28T00:49:22.601Z"}
{"error":{"clientVersion":"6.16.2","name":"PrismaClientValidationError"},"level":"error","message":"Unhandled error","timestamp":"2025-10-28T00:52:32.686Z"}
{"error":{"clientVersion":"6.16.2","name":"PrismaClientValidationError"},"level":"error","message":"Unhandled error","timestamp":"2025-10-28T00:56:22.708Z"}
{"error":{"clientVersion":"6.16.2","name":"PrismaClientValidationError"},"level":"error","message":"Unhandled error","timestamp":"2025-10-28T00:57:11.090Z"}
{"error":{"clientVersion":"6.16.2","name":"PrismaClientValidationError"},"level":"error","message":"Unhandled error","timestamp":"2025-10-28T01:03:59.073Z"}
{"error":{"clientVersion":"6.16.2","name":"PrismaClientValidationError"},"level":"error","message":"Unhandled error","timestamp":"2025-10-28T01:04:42.019Z"}
{"error":{"clientVersion":"6.16.2","name":"PrismaClientValidationError"},"level":"error","message":"Unhandled error","timestamp":"2025-10-28T01:05:09.193Z"}
{"error":{"clientVersion":"6.16.2","name":"PrismaClientValidationError"},"level":"error","message":"Unhandled error","timestamp":"2025-10-28T01:05:27.164Z"}
{"error":{"clientVersion":"6.16.2","name":"PrismaClientValidationError"},"level":"error","message":"Unhandled error","timestamp":"2025-10-28T01:05:38.780Z"}
{"error":{"clientVersion":"6.16.2","name":"PrismaClientValidationError"},"level":"error","message":"Unhandled error","timestamp":"2025-10-28T01:05:52.816Z"}
{"error":{"clientVersion":"6.16.2","name":"PrismaClientValidationError"},"level":"error","message":"Unhandled error","timestamp":"2025-10-28T01:06:34.576Z"}
{"error":{"clientVersion":"6.16.2","name":"PrismaClientValidationError"},"level":"error","message":"Unhandled error","timestamp":"2025-10-28T01:07:07.746Z"}
{"error":{"clientVersion":"6.16.2","name":"PrismaClientValidationError"},"level":"error","message":"Unhandled error","timestamp":"2025-10-28T01:09:02.717Z"}
{"error":{"clientVersion":"6.16.2","name":"PrismaClientValidationError"},"level":"error","message":"Unhandled error","timestamp":"2025-10-28T01:09:02.965Z"}
{"error":{"clientVersion":"6.16.2","name":"PrismaClientValidationError"},"level":"error","message":"Unhandled error","timestamp":"2025-10-28T01:09:22.423Z"}
{"error":{"clientVersion":"6.16.2","name":"PrismaClientValidationError"},"level":"error","message":"Unhandled error","timestamp":"2025-10-28T01:09:22.683Z"}
{"error":{"clientVersion":"6.16.2","name":"PrismaClientValidationError"},"level":"error","message":"Unhandled error","timestamp":"2025-10-28T01:10:53.231Z"}
{"error":{"clientVersion":"6.16.2","name":"PrismaClientValidationError"},"level":"error","message":"Unhandled error","timestamp":"2025-10-28T01:10:53.461Z"}
{"error":{"clientVersion":"6.16.2","name":"PrismaClientValidationError"},"level":"error","message":"Unhandled error","timestamp":"2025-10-28T01:10:59.567Z"}
{"error":{"clientVersion":"6.16.2","name":"PrismaClientValidationError"},"level":"error","message":"Unhandled error","timestamp":"2025-10-28T01:10:59.774Z"}
{"error":{"clientVersion":"6.16.2","name":"PrismaClientInitializationError"},"level":"error","message":"Unhandled error","timestamp":"2025-11-21T01:05:41.892Z"}
{"error":{"clientVersion":"6.16.2","name":"PrismaClientInitializationError"},"level":"error","message":"Unhandled error","timestamp":"2025-11-21T01:05:42.041Z"}
{"error":{"clientVersion":"6.16.2","name":"PrismaClientValidationError"},"level":"error","message":"Unhandled error","timestamp":"2025-11-21T02:18:46.818Z"}
{"error":{"clientVersion":"6.16.2","name":"PrismaClientValidationError"},"level":"error","message":"Unhandled error","timestamp":"2025-11-21T02:19:23.516Z"}
{"error":{"clientVersion":"6.16.2","name":"PrismaClientUnknownRequestError"},"level":"error","message":"Unhandled error","timestamp":"2025-11-21T02:19:39.419Z"}
{"error":{"clientVersion":"6.16.2","name":"PrismaClientUnknownRequestError"},"level":"error","message":"Unhandled error","timestamp":"2025-11-21T02:20:58.226Z"}
{"error":{},"level":"error","message":"Unhandled error","timestamp":"2025-11-24T02:26:25.361Z"}
{"error":{},"level":"error","message":"Unhandled error","timestamp":"2025-11-24T02:52:34.528Z"}
{"error":{},"level":"error","message":"Unhandled error","timestamp":"2025-11-24T02:52:45.016Z"}
{"error":{},"level":"error","message":"Unhandled error","timestamp":"2025-11-24T02:54:02.509Z"}
{"error":{},"level":"error","message":"Unhandled error","timestamp":"2025-11-24T02:56:04.004Z"}
{"error":{},"level":"error","message":"Unhandled error","timestamp":"2025-11-24T03:01:08.669Z"}
{"error":{},"level":"error","message":"Unhandled error","timestamp":"2025-11-24T03:04:07.519Z"}
{"error":{},"level":"error","message":"Unhandled error","timestamp":"2025-11-24T03:06:22.412Z"}
{"error":{"clientVersion":"6.16.2","name":"PrismaClientValidationError"},"level":"error","message":"Unhandled error","timestamp":"2025-12-08T15:59:00.485Z"}
{"error":{},"level":"error","message":"Unhandled error","timestamp":"2025-12-29T19:58:01.516Z"}
{"error":{},"level":"error","message":"Unhandled error","timestamp":"2025-12-29T20:02:50.366Z"}
{"error":{},"level":"error","message":"Unhandled error","timestamp":"2025-12-29T20:06:35.764Z"}
{"error":{},"level":"error","message":"Unhandled error","timestamp":"2025-12-29T20:07:06.405Z"}
{"error":{},"level":"error","message":"Unhandled error","timestamp":"2025-12-29T20:09:43.958Z"}
{"error":{},"level":"error","message":"Unhandled error","timestamp":"2025-12-29T20:13:26.349Z"}
{"error":{},"level":"error","message":"Unhandled error","timestamp":"2025-12-29T20:13:28.622Z"}
{"error":{},"level":"error","message":"Unhandled error","timestamp":"2025-12-29T20:22:16.517Z"}
{"error":{},"level":"error","message":"Unhandled error","timestamp":"2025-12-29T20:22:20.864Z"}
{"error":{},"level":"error","message":"Unhandled error","timestamp":"2025-12-29T20:26:37.642Z"}
{"error":{},"level":"error","message":"Unhandled error","timestamp":"2025-12-29T20:31:12.426Z"}
{"error":{},"level":"error","message":"Unhandled error","timestamp":"2025-12-29T20:53:13.198Z"}
{"error":{},"level":"error","message":"Unhandled error","timestamp":"2025-12-29T20:53:23.277Z"}
{"error":{},"level":"error","message":"Unhandled error","timestamp":"2025-12-29T20:55:41.606Z"}
{"error":{},"level":"error","message":"Unhandled error","timestamp":"2025-12-29T20:56:18.498Z"}
{"error":{},"level":"error","message":"Unhandled error","timestamp":"2025-12-29T20:57:46.277Z"}
{"error":{},"level":"error","message":"Unhandled error","timestamp":"2025-12-29T20:57:59.472Z"}
{"error":{},"level":"error","message":"Unhandled error","timestamp":"2025-12-29T20:58:00.628Z"}
{"error":{},"level":"error","message":"Unhandled error","timestamp":"2025-12-29T20:58:46.033Z"}
{"error":{},"level":"error","message":"Unhandled error","timestamp":"2025-12-29T21:01:16.347Z"}
{"error":{},"level":"error","message":"Unhandled error","timestamp":"2025-12-29T21:01:31.050Z"}
{"error":{},"level":"error","message":"Unhandled error","timestamp":"2025-12-29T21:01:32.717Z"}
{"error":{},"level":"error","message":"Unhandled error","timestamp":"2025-12-29T21:02:58.896Z"}
{"level":"info","message":"Solicitando cotización a Correo Argentino","request":{"codigoPostalDestino":"20002000","codigoPostalOrigen":"1000","peso":1500,"valorDeclarado":225000},"timestamp":"2026-01-01T21:22:41.043Z"}
{"error":{},"level":"error","message":"Error al obtener cotización de Correo Argentino","timestamp":"2026-01-01T21:22:41.429Z"}
{"level":"info","message":"Solicitando cotización a Correo Argentino","request":{"codigoPostalDestino":"20002000","codigoPostalOrigen":"1000","peso":1500,"valorDeclarado":225000},"timestamp":"2026-01-01T21:26:21.314Z"}
{"error":{},"level":"error","message":"Error al obtener cotización de Correo Argentino","timestamp":"2026-01-01T21:26:21.612Z"}
{"level":"info","message":"Solicitando cotización a Correo Argentino","request":{"codigoPostalDestino":"2000","codigoPostalOrigen":"1000","peso":1500,"valorDeclarado":225000},"timestamp":"2026-01-01T21:34:40.423Z"}
{"error":{},"level":"error","message":"Error al obtener cotización de Correo Argentino","timestamp":"2026-01-01T21:34:40.815Z"}
{"level":"info","message":"Solicitando cotización a Correo Argentino","request":{"codigoPostalDestino":"2000","codigoPostalOrigen":"1000","peso":1500,"valorDeclarado":225000},"timestamp":"2026-01-01T21:34:41.532Z"}
{"error":{},"level":"error","message":"Error al obtener cotización de Correo Argentino","timestamp":"2026-01-01T21:34:41.763Z"}
{"level":"info","message":"Solicitando cotización a Correo Argentino","request":{"codigoPostalDestino":"2000","codigoPostalOrigen":"1000","peso":500,"valorDeclarado":121212},"timestamp":"2026-01-01T21:35:42.032Z"}
{"error":{},"level":"error","message":"Error al obtener cotización de Correo Argentino","timestamp":"2026-01-01T21:35:42.364Z"}
{"level":"info","message":"Solicitando cotización a Correo Argentino","request":{"codigoPostalDestino":"2000","codigoPostalOrigen":"1000","peso":500,"valorDeclarado":121212},"timestamp":"2026-01-01T21:35:43.060Z"}
{"error":{},"level":"error","message":"Error al obtener cotización de Correo Argentino","timestamp":"2026-01-01T21:35:43.372Z"}
{"level":"info","message":"Solicitando cotización a Correo Argentino","request":{"codigoPostalDestino":"2000","codigoPostalOrigen":"1000","peso":500,"valorDeclarado":121212},"timestamp":"2026-01-01T21:41:34.304Z"}
{"error":{},"level":"error","message":"Error al obtener cotización de Correo Argentino","timestamp":"2026-01-01T21:41:34.696Z"}
{"level":"info","message":"Solicitando cotización a Correo Argentino","request":{"codigoPostalDestino":"2000","codigoPostalOrigen":"1000","peso":500,"valorDeclarado":121212},"timestamp":"2026-01-01T21:41:35.370Z"}
{"error":{},"level":"error","message":"Error al obtener cotización de Correo Argentino","timestamp":"2026-01-01T21:41:35.635Z"}
{"level":"info","message":"Solicitando cotización a Correo Argentino","request":{"codigoPostalDestino":"2000","codigoPostalOrigen":"1000","peso":500,"valorDeclarado":121212},"timestamp":"2026-01-01T21:45:20.276Z"}
{"error":{},"level":"error","message":"Error al obtener cotización de Correo Argentino","timestamp":"2026-01-01T21:45:20.618Z"}
{"level":"info","message":"Solicitando cotización a Correo Argentino","request":{"codigoPostalDestino":"2000","codigoPostalOrigen":"1000","peso":500,"valorDeclarado":121212},"timestamp":"2026-01-01T21:45:21.335Z"}
{"error":{},"level":"error","message":"Error al obtener cotización de Correo Argentino","timestamp":"2026-01-01T21:45:21.626Z"}
{"level":"info","message":"Solicitando cotización a Correo Argentino","request":{"codigoPostalDestino":"2000","codigoPostalOrigen":"1000","peso":500,"valorDeclarado":121212},"timestamp":"2026-01-01T21:45:29.396Z"}
{"error":{},"level":"error","message":"Error al obtener cotización de Correo Argentino","timestamp":"2026-01-01T21:45:29.619Z"}
{"level":"info","message":"Solicitando cotización a Correo Argentino","request":{"codigoPostalDestino":"2000","codigoPostalOrigen":"1000","peso":500,"valorDeclarado":121212},"timestamp":"2026-01-01T21:45:30.265Z"}
{"error":{},"level":"error","message":"Error al obtener cotización de Correo Argentino","timestamp":"2026-01-01T21:45:30.713Z"}
{"level":"info","message":"Solicitando cotización a Correo Argentino","request":{"codigoPostalDestino":"2000","codigoPostalOrigen":"1000","peso":500,"valorDeclarado":121212},"timestamp":"2026-01-01T21:45:50.490Z"}
{"error":{},"level":"error","message":"Error al obtener cotización de Correo Argentino","timestamp":"2026-01-01T21:45:50.837Z"}
{"level":"info","message":"Solicitando cotización a Correo Argentino","request":{"codigoPostalDestino":"2000","codigoPostalOrigen":"1000","peso":500,"valorDeclarado":121212},"timestamp":"2026-01-01T21:45:51.515Z"}
{"error":{},"level":"error","message":"Error al obtener cotización de Correo Argentino","timestamp":"2026-01-01T21:45:51.719Z"}
{"level":"info","message":"Solicitando cotización a Correo Argentino","request":{"codigoPostalDestino":"2000","codigoPostalOrigen":"1000","peso":500,"valorDeclarado":121212},"timestamp":"2026-01-01T21:48:06.672Z"}
{"error":{},"level":"error","message":"Error al obtener cotización de Correo Argentino","timestamp":"2026-01-01T21:48:07.140Z"}
{"level":"info","message":"Solicitando cotización a Correo Argentino","request":{"codigoPostalDestino":"2000","codigoPostalOrigen":"1000","peso":500,"valorDeclarado":121212},"timestamp":"2026-01-01T21:48:08.692Z"}
{"error":{},"level":"error","message":"Error al obtener cotización de Correo Argentino","timestamp":"2026-01-01T21:48:08.932Z"}
{"level":"info","message":"Solicitando cotización a Correo Argentino","request":{"codigoPostalDestino":"2000","codigoPostalOrigen":"1000","peso":500,"valorDeclarado":121212},"timestamp":"2026-01-01T21:53:15.987Z"}
{"error":{},"level":"error","message":"Error al obtener cotización de Correo Argentino","timestamp":"2026-01-01T21:53:16.314Z"}
{"level":"info","message":"Solicitando cotización a Correo Argentino","request":{"codigoPostalDestino":"2000","codigoPostalOrigen":"1000","peso":500,"valorDeclarado":121212},"timestamp":"2026-01-01T21:53:17.244Z"}
{"error":{},"level":"error","message":"Error al obtener cotización de Correo Argentino","timestamp":"2026-01-01T21:53:17.437Z"}
{"level":"info","message":"Solicitando cotización a Correo Argentino","request":{"codigoPostalDestino":"2000","codigoPostalOrigen":"1000","peso":500,"valorDeclarado":121212},"timestamp":"2026-01-01T21:57:34.201Z"}
{"error":{},"level":"error","message":"Error al obtener cotización de Correo Argentino","timestamp":"2026-01-01T21:57:34.550Z"}
{"level":"info","message":"Solicitando cotización a Correo Argentino","request":{"codigoPostalDestino":"2000","codigoPostalOrigen":"1000","peso":500,"valorDeclarado":121212},"timestamp":"2026-01-01T21:57:35.239Z"}
{"error":{},"level":"error","message":"Error al obtener cotización de Correo Argentino","timestamp":"2026-01-01T21:57:35.633Z"}
{"level":"info","message":"Solicitando cotización a Correo Argentino","request":{"codigoPostalDestino":"2000","codigoPostalOrigen":"1000","peso":500,"valorDeclarado":121212},"timestamp":"2026-01-01T21:57:40.765Z"}
{"error":{},"level":"error","message":"Error al obtener cotización de Correo Argentino","timestamp":"2026-01-01T21:57:40.982Z"}
{"level":"info","message":"Solicitando cotización a Correo Argentino","request":{"codigoPostalDestino":"2000","codigoPostalOrigen":"1000","peso":500,"valorDeclarado":121212},"timestamp":"2026-01-01T21:57:41.779Z"}
{"error":{},"level":"error","message":"Error al obtener cotización de Correo Argentino","timestamp":"2026-01-01T21:57:42.046Z"}
{"level":"info","message":"Solicitando cotización a Correo Argentino","request":{"codigoPostalDestino":"2000","codigoPostalOrigen":"1000","peso":500,"valorDeclarado":121212},"timestamp":"2026-01-01T21:59:08.066Z"}
{"error":{},"level":"error","message":"Error al obtener cotización de Correo Argentino","timestamp":"2026-01-01T21:59:08.440Z"}
{"level":"info","message":"Solicitando cotización a Correo Argentino","request":{"codigoPostalDestino":"2000","codigoPostalOrigen":"1000","peso":500,"valorDeclarado":121212},"timestamp":"2026-01-01T21:59:09.161Z"}
{"error":{},"level":"error","message":"Error al obtener cotización de Correo Argentino","timestamp":"2026-01-01T21:59:09.431Z"}
{"error":{"clientVersion":"6.16.2","name":"PrismaClientValidationError"},"level":"error","message":"Unhandled error","timestamp":"2026-01-01T22:06:35.974Z"}
{"error":{"clientVersion":"6.16.2","name":"PrismaClientValidationError"},"level":"error","message":"Unhandled error","timestamp":"2026-01-01T22:09:33.594Z"}
{"error":{"clientVersion":"6.16.2","name":"PrismaClientValidationError"},"level":"error","message":"Unhandled error","timestamp":"2026-01-01T22:18:39.360Z"}
{"error":{"clientVersion":"6.16.2","name":"PrismaClientValidationError"},"level":"error","message":"Unhandled error","timestamp":"2026-01-01T22:20:12.155Z"}
{"error":{"clientVersion":"6.16.2","name":"PrismaClientValidationError"},"level":"error","message":"Unhandled error","timestamp":"2026-01-01T22:22:21.979Z"}
{"level":"info","message":"Solicitando cotización a Correo Argentino","request":{"codigoPostalDestino":"2000","codigoPostalOrigen":"1000","peso":1500,"valorDeclarado":225000},"timestamp":"2026-01-01T22:38:37.901Z"}
{"error":{},"level":"error","message":"Error al obtener cotización de Correo Argentino","timestamp":"2026-01-01T22:38:38.233Z"}
{"level":"info","message":"Solicitando cotización a Correo Argentino","request":{"codigoPostalDestino":"2000","codigoPostalOrigen":"1000","peso":1500,"valorDeclarado":225000},"timestamp":"2026-01-01T22:38:39.088Z"}
{"error":{},"level":"error","message":"Error al obtener cotización de Correo Argentino","timestamp":"2026-01-01T22:38:39.361Z"}
{"level":"info","message":"Solicitando cotización a Correo Argentino","request":{"codigoPostalDestino":"2000","codigoPostalOrigen":"1000","peso":1000,"valorDeclarado":150000},"timestamp":"2026-01-01T22:46:23.805Z"}
{"error":{},"level":"error","message":"Error al obtener cotización de Correo Argentino","timestamp":"2026-01-01T22:46:24.201Z"}
{"level":"info","message":"Solicitando cotización a Correo Argentino","request":{"codigoPostalDestino":"2000","codigoPostalOrigen":"1000","peso":1000,"valorDeclarado":150000},"timestamp":"2026-01-01T22:46:25.148Z"}
{"error":{},"level":"error","message":"Error al obtener cotización de Correo Argentino","timestamp":"2026-01-01T22:46:25.372Z"}
{"error":{},"level":"error","message":"Unhandled error","timestamp":"2026-01-01T22:46:33.733Z"}
{"error":{},"level":"error","message":"Unhandled error","timestamp":"2026-01-01T22:47:19.804Z"}
{"error":{},"level":"error","message":"Unhandled error","timestamp":"2026-01-01T22:51:41.742Z"}
{"level":"info","message":"Solicitando cotización a Correo Argentino","request":{"codigoPostalDestino":"2000","codigoPostalOrigen":"2000","peso":500,"valorDeclarado":75000},"timestamp":"2026-01-01T23:13:55.093Z"}
{"error":{},"level":"error","message":"Correo Argentino: error solicitando token","timestamp":"2026-01-01T23:13:55.240Z"}
{"level":"warn","message":"Correo Argentino: sin token, devolviendo tarifas estimadas","timestamp":"2026-01-01T23:13:55.248Z"}
{"level":"info","message":"Solicitando cotización a Correo Argentino","request":{"codigoPostalDestino":"2000","codigoPostalOrigen":"2000","peso":500,"valorDeclarado":75000},"timestamp":"2026-01-01T23:13:56.037Z"}
{"error":{},"level":"error","message":"Correo Argentino: error solicitando token","timestamp":"2026-01-01T23:13:56.046Z"}
{"level":"warn","message":"Correo Argentino: sin token, devolviendo tarifas estimadas","timestamp":"2026-01-01T23:13:56.048Z"}
{"level":"info","message":"Solicitando cotización a Correo Argentino","request":{"codigoPostalDestino":"2000","codigoPostalOrigen":"2000","peso":500,"valorDeclarado":75000},"timestamp":"2026-01-01T23:17:16.419Z"}
{"error":{},"level":"error","message":"Correo Argentino: error solicitando token","timestamp":"2026-01-01T23:17:16.457Z"}
{"level":"warn","message":"Correo Argentino: sin token, devolviendo tarifas estimadas","timestamp":"2026-01-01T23:17:16.460Z"}
{"level":"info","message":"Solicitando cotización a Correo Argentino","request":{"codigoPostalDestino":"2000","codigoPostalOrigen":"2000","peso":500,"valorDeclarado":75000},"timestamp":"2026-01-01T23:17:17.130Z"}
{"error":{},"level":"error","message":"Correo Argentino: error solicitando token","timestamp":"2026-01-01T23:17:17.139Z"}
{"level":"warn","message":"Correo Argentino: sin token, devolviendo tarifas estimadas","timestamp":"2026-01-01T23:17:17.141Z"}
{"error":{},"level":"error","message":"Correo Argentino: error solicitando token","timestamp":"2026-01-01T23:17:28.801Z"}
{"level":"warn","message":"Correo Argentino: no hay token, usando tracking simulado","timestamp":"2026-01-01T23:17:28.810Z"}
{"error":{},"level":"error","message":"Correo Argentino: error solicitando token","timestamp":"2026-01-01T23:17:51.924Z"}
{"error":{},"level":"error","message":"Error generando etiqueta","timestamp":"2026-01-01T23:17:51.927Z"}
{"level":"info","message":"Solicitando cotización a Correo Argentino","request":{"codigoPostalDestino":"2000","codigoPostalOrigen":"2000","peso":500,"valorDeclarado":75000},"timestamp":"2026-01-01T23:19:31.594Z"}
{"error":{},"level":"error","message":"Correo Argentino: error solicitando token","timestamp":"2026-01-01T23:19:31.669Z"}
{"level":"warn","message":"Correo Argentino: sin token, devolviendo tarifas estimadas","timestamp":"2026-01-01T23:19:31.674Z"}
{"level":"info","message":"Solicitando cotización a Correo Argentino","request":{"codigoPostalDestino":"2000","codigoPostalOrigen":"2000","peso":500,"valorDeclarado":75000},"timestamp":"2026-01-01T23:19:32.425Z"}
{"error":{},"level":"error","message":"Correo Argentino: error solicitando token","timestamp":"2026-01-01T23:19:32.436Z"}
{"level":"warn","message":"Correo Argentino: sin token, devolviendo tarifas estimadas","timestamp":"2026-01-01T23:19:32.440Z"}
{"error":{},"level":"error","message":"Correo Argentino: error solicitando token","timestamp":"2026-01-01T23:19:39.438Z"}
{"level":"warn","message":"Correo Argentino: no hay token, usando tracking simulado","timestamp":"2026-01-01T23:19:39.443Z"}
{"level":"info","message":"Solicitando cotización a Correo Argentino","request":{"codigoPostalDestino":"2000","codigoPostalOrigen":"2000","peso":500,"valorDeclarado":121212},"timestamp":"2026-01-01T23:21:30.121Z"}
{"error":{},"level":"error","message":"Correo Argentino: error solicitando token","timestamp":"2026-01-01T23:21:30.162Z"}
{"level":"warn","message":"Correo Argentino: sin token, devolviendo tarifas estimadas","timestamp":"2026-01-01T23:21:30.167Z"}
{"level":"info","message":"Solicitando cotización a Correo Argentino","request":{"codigoPostalDestino":"2000","codigoPostalOrigen":"2000","peso":500,"valorDeclarado":121212},"timestamp":"2026-01-01T23:21:30.981Z"}
{"error":{},"level":"error","message":"Correo Argentino: error solicitando token","timestamp":"2026-01-01T23:21:30.985Z"}
{"level":"warn","message":"Correo Argentino: sin token, devolviendo tarifas estimadas","timestamp":"2026-01-01T23:21:30.986Z"}
{"level":"info","message":"Solicitando cotización a Correo Argentino","request":{"codigoPostalDestino":"2000","codigoPostalOrigen":"2000","peso":500,"valorDeclarado":121212},"timestamp":"2026-01-01T23:22:50.806Z"}
{"error":{},"level":"error","message":"Correo Argentino: error solicitando token","timestamp":"2026-01-01T23:22:50.891Z"}
{"level":"warn","message":"Correo Argentino: sin token, devolviendo tarifas estimadas","timestamp":"2026-01-01T23:22:50.894Z"}
{"level":"info","message":"Solicitando cotización a Correo Argentino","request":{"codigoPostalDestino":"2000","codigoPostalOrigen":"2000","peso":500,"valorDeclarado":121212},"timestamp":"2026-01-01T23:22:51.654Z"}
{"error":{},"level":"error","message":"Correo Argentino: error solicitando token","timestamp":"2026-01-01T23:22:51.666Z"}
{"level":"warn","message":"Correo Argentino: sin token, devolviendo tarifas estimadas","timestamp":"2026-01-01T23:22:51.670Z"}
{"level":"info","message":"Solicitando cotización a Correo Argentino","request":{"cpReceiver":"2000","cpSender":"2000","declaredValue":121212,"weight":500},"timestamp":"2026-01-01T23:29:30.903Z"}
{"error":{},"level":"error","message":"Correo Argentino: error solicitando token","timestamp":"2026-01-01T23:29:30.970Z"}
{"level":"warn","message":"Correo Argentino: sin token, devolviendo tarifas estimadas","timestamp":"2026-01-01T23:29:30.973Z"}
{"level":"info","message":"Solicitando cotización a Correo Argentino","request":{"cpReceiver":"2000","cpSender":"2000","declaredValue":121212,"weight":500},"timestamp":"2026-01-01T23:29:31.641Z"}
{"error":{},"level":"error","message":"Correo Argentino: error solicitando token","timestamp":"2026-01-01T23:29:31.651Z"}
{"level":"warn","message":"Correo Argentino: sin token, devolviendo tarifas estimadas","timestamp":"2026-01-01T23:29:31.655Z"}
{"level":"info","message":"Solicitando cotización a Correo Argentino","request":{"cpReceiver":"2000","cpSender":"2000","declaredValue":121212,"weight":500},"timestamp":"2026-01-01T23:30:15.361Z"}
{"error":{},"level":"error","message":"Correo Argentino: error solicitando token","timestamp":"2026-01-01T23:30:15.421Z"}
{"level":"warn","message":"Correo Argentino: sin token, devolviendo tarifas estimadas","timestamp":"2026-01-01T23:30:15.425Z"}
{"level":"info","message":"Solicitando cotización a Correo Argentino","request":{"cpReceiver":"2000","cpSender":"2000","declaredValue":121212,"weight":500},"timestamp":"2026-01-01T23:30:16.490Z"}
{"error":{},"level":"error","message":"Correo Argentino: error solicitando token","timestamp":"2026-01-01T23:30:16.496Z"}
{"level":"warn","message":"Correo Argentino: sin token, devolviendo tarifas estimadas","timestamp":"2026-01-01T23:30:16.499Z"}
{"level":"info","message":"Solicitando cotización a Correo Argentino","request":{"cpReceiver":"2000","cpSender":"2000","declaredValue":121212,"weight":500},"timestamp":"2026-01-01T23:35:39.716Z"}
{"level":"info","message":"Correo Argentino: solicitando token","timestamp":"2026-01-01T23:35:39.719Z","url":"https://mico.correoargentino.com.ar/token","user":"jua***"}
{"error":"fetch failed","level":"error","message":"Correo Argentino: excepción durante solicitud de token","stack":"TypeError: fetch failed\n    at node:internal/deps/undici/undici:15845:13\n    at process.processTicksAndRejections (node:internal/process/task_queues:105:5)\n    at async fetchAuthToken (C:\\Users\\juanc\\Desktop\\PROYECTOS\\AlaTabla\\AlaTablaEcommerce\\.next\\server\\chunks\\ssr\\[root-of-the-server]__f3be10f1._.js:943:26)\n    at async withAuthHeaders (C:\\Users\\juanc\\Desktop\\PROYECTOS\\AlaTabla\\AlaTablaEcommerce\\.next\\server\\chunks\\ssr\\[root-of-the-server]__f3be10f1._.js:987:19)\n    at async Object.getQuote (C:\\Users\\juanc\\Desktop\\PROYECTOS\\AlaTabla\\AlaTablaEcommerce\\.next\\server\\chunks\\ssr\\[root-of-the-server]__f3be10f1._.js:1080:29)\n    at async calculateCartShipping (C:\\Users\\juanc\\Desktop\\PROYECTOS\\AlaTabla\\AlaTablaEcommerce\\.next\\server\\chunks\\ssr\\[root-of-the-server]__f3be10f1._.js:1520:24)\n    at async executeActionAndPrepareForRender (C:\\Users\\juanc\\Desktop\\PROYECTOS\\AlaTabla\\AlaTablaEcommerce\\node_modules\\next\\dist\\compiled\\next-server\\app-page-turbo.runtime.dev.js:33:4423)\n    at async C:\\Users\\juanc\\Desktop\\PROYECTOS\\AlaTabla\\AlaTablaEcommerce\\node_modules\\next\\dist\\compiled\\next-server\\app-page-turbo.runtime.dev.js:33:2264\n    at async handleAction (C:\\Users\\juanc\\Desktop\\PROYECTOS\\AlaTabla\\AlaTablaEcommerce\\node_modules\\next\\dist\\compiled\\next-server\\app-page-turbo.runtime.dev.js:32:22678)\n    at async renderToHTMLOrFlightImpl (C:\\Users\\juanc\\Desktop\\PROYECTOS\\AlaTabla\\AlaTablaEcommerce\\node_modules\\next\\dist\\compiled\\next-server\\app-page-turbo.runtime.dev.js:38:39993)\n    at async doRender (C:\\Users\\juanc\\Desktop\\PROYECTOS\\AlaTabla\\AlaTablaEcommerce\\.next\\server\\chunks\\ssr\\node_modules_5c0d9310._.js:25835:28)\n    at async AppPageRouteModule.handleResponse (C:\\Users\\juanc\\Desktop\\PROYECTOS\\AlaTabla\\AlaTablaEcommerce\\node_modules\\next\\dist\\compiled\\next-server\\app-page-turbo.runtime.dev.js:40:57383)\n    at async handleResponse (C:\\Users\\juanc\\Desktop\\PROYECTOS\\AlaTabla\\AlaTablaEcommerce\\.next\\server\\chunks\\ssr\\node_modules_5c0d9310._.js:25984:32)\n    at async handler (C:\\Users\\juanc\\Desktop\\PROYECTOS\\AlaTabla\\AlaTablaEcommerce\\.next\\server\\chunks\\ssr\\node_modules_5c0d9310._.js:26364:20)\n    at async DevServer.renderToResponseWithComponentsImpl (C:\\Users\\juanc\\Desktop\\PROYECTOS\\AlaTabla\\AlaTablaEcommerce\\node_modules\\next\\dist\\server\\base-server.js:1422:9)\n    at async DevServer.renderPageComponent (C:\\Users\\juanc\\Desktop\\PROYECTOS\\AlaTabla\\AlaTablaEcommerce\\node_modules\\next\\dist\\server\\base-server.js:1474:24)\n    at async DevServer.renderToResponseImpl (C:\\Users\\juanc\\Desktop\\PROYECTOS\\AlaTabla\\AlaTablaEcommerce\\node_modules\\next\\dist\\server\\base-server.js:1514:32)\n    at async DevServer.pipeImpl (C:\\Users\\juanc\\Desktop\\PROYECTOS\\AlaTabla\\AlaTablaEcommerce\\node_modules\\next\\dist\\server\\base-server.js:1025:25)\n    at async NextNodeServer.handleCatchallRenderRequest (C:\\Users\\juanc\\Desktop\\PROYECTOS\\AlaTabla\\AlaTablaEcommerce\\node_modules\\next\\dist\\server\\next-server.js:393:17)\n    at async DevServer.handleRequestImpl (C:\\Users\\juanc\\Desktop\\PROYECTOS\\AlaTabla\\AlaTablaEcommerce\\node_modules\\next\\dist\\server\\base-server.js:916:17)\n    at async C:\\Users\\juanc\\Desktop\\PROYECTOS\\AlaTabla\\AlaTablaEcommerce\\node_modules\\next\\dist\\server\\dev\\next-dev-server.js:399:20\n    at async Span.traceAsyncFn (C:\\Users\\juanc\\Desktop\\PROYECTOS\\AlaTabla\\AlaTablaEcommerce\\node_modules\\next\\dist\\trace\\trace.js:157:20)\n    at async DevServer.handleRequest (C:\\Users\\juanc\\Desktop\\PROYECTOS\\AlaTabla\\AlaTablaEcommerce\\node_modules\\next\\dist\\server\\dev\\next-dev-server.js:395:24)\n    at async invokeRender (C:\\Users\\juanc\\Desktop\\PROYECTOS\\AlaTabla\\AlaTablaEcommerce\\node_modules\\next\\dist\\server\\lib\\router-server.js:240:21)\n    at async handleRequest (C:\\Users\\juanc\\Desktop\\PROYECTOS\\AlaTabla\\AlaTablaEcommerce\\node_modules\\next\\dist\\server\\lib\\router-server.js:437:24)\n    at async requestHandlerImpl (C:\\Users\\juanc\\Desktop\\PROYECTOS\\AlaTabla\\AlaTablaEcommerce\\node_modules\\next\\dist\\server\\lib\\router-server.js:485:13)\n    at async Server.requestListener (C:\\Users\\juanc\\Desktop\\PROYECTOS\\AlaTabla\\AlaTablaEcommerce\\node_modules\\next\\dist\\server\\lib\\start-server.js:228:13)","timestamp":"2026-01-01T23:35:39.838Z","url":"https://mico.correoargentino.com.ar/token"}
{"level":"warn","message":"Correo Argentino: sin token, devolviendo tarifas estimadas","timestamp":"2026-01-01T23:35:39.841Z"}
{"level":"info","message":"Solicitando cotización a Correo Argentino","request":{"cpReceiver":"2000","cpSender":"2000","declaredValue":121212,"weight":500},"timestamp":"2026-01-01T23:35:40.547Z"}
{"level":"info","message":"Correo Argentino: solicitando token","timestamp":"2026-01-01T23:35:40.549Z","url":"https://mico.correoargentino.com.ar/token","user":"jua***"}
{"error":"fetch failed","level":"error","message":"Correo Argentino: excepción durante solicitud de token","stack":"TypeError: fetch failed\n    at node:internal/deps/undici/undici:15845:13\n    at process.processTicksAndRejections (node:internal/process/task_queues:105:5)\n    at async fetchAuthToken (C:\\Users\\juanc\\Desktop\\PROYECTOS\\AlaTabla\\AlaTablaEcommerce\\.next\\server\\chunks\\ssr\\[root-of-the-server]__f3be10f1._.js:943:26)\n    at async withAuthHeaders (C:\\Users\\juanc\\Desktop\\PROYECTOS\\AlaTabla\\AlaTablaEcommerce\\.next\\server\\chunks\\ssr\\[root-of-the-server]__f3be10f1._.js:987:19)\n    at async Object.getQuote (C:\\Users\\juanc\\Desktop\\PROYECTOS\\AlaTabla\\AlaTablaEcommerce\\.next\\server\\chunks\\ssr\\[root-of-the-server]__f3be10f1._.js:1080:29)\n    at async calculateCartShipping (C:\\Users\\juanc\\Desktop\\PROYECTOS\\AlaTabla\\AlaTablaEcommerce\\.next\\server\\chunks\\ssr\\[root-of-the-server]__f3be10f1._.js:1520:24)\n    at async executeActionAndPrepareForRender (C:\\Users\\juanc\\Desktop\\PROYECTOS\\AlaTabla\\AlaTablaEcommerce\\node_modules\\next\\dist\\compiled\\next-server\\app-page-turbo.runtime.dev.js:33:4423)\n    at async C:\\Users\\juanc\\Desktop\\PROYECTOS\\AlaTabla\\AlaTablaEcommerce\\node_modules\\next\\dist\\compiled\\next-server\\app-page-turbo.runtime.dev.js:33:2264\n    at async handleAction (C:\\Users\\juanc\\Desktop\\PROYECTOS\\AlaTabla\\AlaTablaEcommerce\\node_modules\\next\\dist\\compiled\\next-server\\app-page-turbo.runtime.dev.js:32:22678)\n    at async renderToHTMLOrFlightImpl (C:\\Users\\juanc\\Desktop\\PROYECTOS\\AlaTabla\\AlaTablaEcommerce\\node_modules\\next\\dist\\compiled\\next-server\\app-page-turbo.runtime.dev.js:38:39993)\n    at async doRender (C:\\Users\\juanc\\Desktop\\PROYECTOS\\AlaTabla\\AlaTablaEcommerce\\.next\\server\\chunks\\ssr\\node_modules_5c0d9310._.js:25835:28)\n    at async AppPageRouteModule.handleResponse (C:\\Users\\juanc\\Desktop\\PROYECTOS\\AlaTabla\\AlaTablaEcommerce\\node_modules\\next\\dist\\compiled\\next-server\\app-page-turbo.runtime.dev.js:40:57383)\n    at async handleResponse (C:\\Users\\juanc\\Desktop\\PROYECTOS\\AlaTabla\\AlaTablaEcommerce\\.next\\server\\chunks\\ssr\\node_modules_5c0d9310._.js:25984:32)\n    at async handler (C:\\Users\\juanc\\Desktop\\PROYECTOS\\AlaTabla\\AlaTablaEcommerce\\.next\\server\\chunks\\ssr\\node_modules_5c0d9310._.js:26364:20)\n    at async DevServer.renderToResponseWithComponentsImpl (C:\\Users\\juanc\\Desktop\\PROYECTOS\\AlaTabla\\AlaTablaEcommerce\\node_modules\\next\\dist\\server\\base-server.js:1422:9)\n    at async DevServer.renderPageComponent (C:\\Users\\juanc\\Desktop\\PROYECTOS\\AlaTabla\\AlaTablaEcommerce\\node_modules\\next\\dist\\server\\base-server.js:1474:24)\n    at async DevServer.renderToResponseImpl (C:\\Users\\juanc\\Desktop\\PROYECTOS\\AlaTabla\\AlaTablaEcommerce\\node_modules\\next\\dist\\server\\base-server.js:1514:32)\n    at async DevServer.pipeImpl (C:\\Users\\juanc\\Desktop\\PROYECTOS\\AlaTabla\\AlaTablaEcommerce\\node_modules\\next\\dist\\server\\base-server.js:1025:25)\n    at async NextNodeServer.handleCatchallRenderRequest (C:\\Users\\juanc\\Desktop\\PROYECTOS\\AlaTabla\\AlaTablaEcommerce\\node_modules\\next\\dist\\server\\next-server.js:393:17)\n    at async DevServer.handleRequestImpl (C:\\Users\\juanc\\Desktop\\PROYECTOS\\AlaTabla\\AlaTablaEcommerce\\node_modules\\next\\dist\\server\\base-server.js:916:17)\n    at async C:\\Users\\juanc\\Desktop\\PROYECTOS\\AlaTabla\\AlaTablaEcommerce\\node_modules\\next\\dist\\server\\dev\\next-dev-server.js:399:20\n    at async Span.traceAsyncFn (C:\\Users\\juanc\\Desktop\\PROYECTOS\\AlaTabla\\AlaTablaEcommerce\\node_modules\\next\\dist\\trace\\trace.js:157:20)\n    at async DevServer.handleRequest (C:\\Users\\juanc\\Desktop\\PROYECTOS\\AlaTabla\\AlaTablaEcommerce\\node_modules\\next\\dist\\server\\dev\\next-dev-server.js:395:24)\n    at async invokeRender (C:\\Users\\juanc\\Desktop\\PROYECTOS\\AlaTabla\\AlaTablaEcommerce\\node_modules\\next\\dist\\server\\lib\\router-server.js:240:21)\n    at async handleRequest (C:\\Users\\juanc\\Desktop\\PROYECTOS\\AlaTabla\\AlaTablaEcommerce\\node_modules\\next\\dist\\server\\lib\\router-server.js:437:24)\n    at async requestHandlerImpl (C:\\Users\\juanc\\Desktop\\PROYECTOS\\AlaTabla\\AlaTablaEcommerce\\node_modules\\next\\dist\\server\\lib\\router-server.js:485:13)\n    at async Server.requestListener (C:\\Users\\juanc\\Desktop\\PROYECTOS\\AlaTabla\\AlaTablaEcommerce\\node_modules\\next\\dist\\server\\lib\\start-server.js:228:13)","timestamp":"2026-01-01T23:35:40.558Z","url":"https://mico.correoargentino.com.ar/token"}
{"level":"warn","message":"Correo Argentino: sin token, devolviendo tarifas estimadas","timestamp":"2026-01-01T23:35:40.561Z"}
{"level":"info","message":"Solicitando cotización a Correo Argentino","request":{"cpReceiver":"2000","cpSender":"2000","declaredValue":121212,"weight":500},"timestamp":"2026-01-01T23:38:37.739Z"}
{"level":"info","message":"Correo Argentino: solicitando token","timestamp":"2026-01-01T23:38:37.745Z","url":"https://apitest.correoargentino.com.ar/micorreo/v1/token","user":"jua***"}
{"body":"{\"code\":401,\"message\":\"Unauthorized\"}","level":"error","message":"Correo Argentino: no se pudo obtener token","status":401,"statusText":"Unauthorized","timestamp":"2026-01-01T23:38:38.118Z","url":"https://apitest.correoargentino.com.ar/micorreo/v1/token"}
{"level":"warn","message":"Correo Argentino: sin token, devolviendo tarifas estimadas","timestamp":"2026-01-01T23:38:38.121Z"}
{"level":"info","message":"Solicitando cotización a Correo Argentino","request":{"cpReceiver":"2000","cpSender":"2000","declaredValue":121212,"weight":500},"timestamp":"2026-01-01T23:38:38.758Z"}
{"level":"info","message":"Correo Argentino: solicitando token","timestamp":"2026-01-01T23:38:38.760Z","url":"https://apitest.correoargentino.com.ar/micorreo/v1/token","user":"jua***"}
{"body":"{\"code\":401,\"message\":\"Unauthorized\"}","level":"error","message":"Correo Argentino: no se pudo obtener token","status":401,"statusText":"Unauthorized","timestamp":"2026-01-01T23:38:38.834Z","url":"https://apitest.correoargentino.com.ar/micorreo/v1/token"}
{"level":"warn","message":"Correo Argentino: sin token, devolviendo tarifas estimadas","timestamp":"2026-01-01T23:38:38.838Z"}
{"level":"info","message":"Solicitando cotización a Correo Argentino","request":{"cpReceiver":"2000","cpSender":"2000","declaredValue":121212,"weight":500},"timestamp":"2026-01-01T23:39:49.196Z"}
{"level":"info","message":"Correo Argentino: solicitando token","timestamp":"2026-01-01T23:39:49.200Z","url":"https://api.correoargentino.com.ar/micorreo/v1/token","user":"jua***"}
{"body":"{\"code\":401,\"message\":\"Unauthorized\"}","level":"error","message":"Correo Argentino: no se pudo obtener token","status":401,"statusText":"Unauthorized","timestamp":"2026-01-01T23:39:49.588Z","url":"https://api.correoargentino.com.ar/micorreo/v1/token"}
{"level":"warn","message":"Correo Argentino: sin token, devolviendo tarifas estimadas","timestamp":"2026-01-01T23:39:49.609Z"}
{"level":"info","message":"Solicitando cotización a Correo Argentino","request":{"cpReceiver":"2000","cpSender":"2000","declaredValue":121212,"weight":500},"timestamp":"2026-01-01T23:39:50.272Z"}
{"level":"info","message":"Correo Argentino: solicitando token","timestamp":"2026-01-01T23:39:50.277Z","url":"https://api.correoargentino.com.ar/micorreo/v1/token","user":"jua***"}
{"body":"{\"code\":401,\"message\":\"Unauthorized\"}","level":"error","message":"Correo Argentino: no se pudo obtener token","status":401,"statusText":"Unauthorized","timestamp":"2026-01-01T23:39:50.431Z","url":"https://api.correoargentino.com.ar/micorreo/v1/token"}
{"level":"warn","message":"Correo Argentino: sin token, devolviendo tarifas estimadas","timestamp":"2026-01-01T23:39:50.434Z"}
{"error":{"clientVersion":"6.16.2","name":"PrismaClientInitializationError"},"level":"error","message":"Unhandled error","timestamp":"2026-01-02T13:21:04.851Z"}
{"error":{"clientVersion":"6.16.2","name":"PrismaClientInitializationError"},"level":"error","message":"Unhandled error","timestamp":"2026-01-02T13:21:04.859Z"}
{"level":"info","message":"Solicitando cotización a Correo Argentino","request":{"cpReceiver":"2000","cpSender":"2000","declaredValue":300000,"weight":2000},"timestamp":"2026-01-02T13:34:23.607Z"}
{"level":"info","message":"Correo Argentino: solicitando token","timestamp":"2026-01-02T13:34:23.614Z","url":"https://api.correoargentino.com.ar/micorreo/v1/token","user":"jua***"}
{"body":"{\"code\":401,\"message\":\"Unauthorized\"}","level":"error","message":"Correo Argentino: no se pudo obtener token","status":401,"statusText":"Unauthorized","timestamp":"2026-01-02T13:34:24.151Z","url":"https://api.correoargentino.com.ar/micorreo/v1/token"}
{"level":"warn","message":"Correo Argentino: sin token, devolviendo tarifas estimadas","timestamp":"2026-01-02T13:34:24.154Z"}
{"level":"info","message":"Solicitando cotización a Correo Argentino","request":{"cpReceiver":"2000","cpSender":"2000","declaredValue":300000,"weight":2000},"timestamp":"2026-01-02T13:34:24.824Z"}
{"level":"info","message":"Correo Argentino: solicitando token","timestamp":"2026-01-02T13:34:24.826Z","url":"https://api.correoargentino.com.ar/micorreo/v1/token","user":"jua***"}
{"body":"{\"code\":401,\"message\":\"Unauthorized\"}","level":"error","message":"Correo Argentino: no se pudo obtener token","status":401,"statusText":"Unauthorized","timestamp":"2026-01-02T13:34:25.035Z","url":"https://api.correoargentino.com.ar/micorreo/v1/token"}
{"level":"warn","message":"Correo Argentino: sin token, devolviendo tarifas estimadas","timestamp":"2026-01-02T13:34:25.038Z"}
{"error":{},"level":"error","message":"Unhandled error","timestamp":"2026-01-02T13:35:12.519Z"}
{"level":"info","message":"Correo Argentino: solicitando token","timestamp":"2026-01-02T13:35:19.751Z","url":"https://api.correoargentino.com.ar/micorreo/v1/token","user":"jua***"}
{"body":"{\"code\":401,\"message\":\"Unauthorized\"}","level":"error","message":"Correo Argentino: no se pudo obtener token","status":401,"statusText":"Unauthorized","timestamp":"2026-01-02T13:35:20.169Z","url":"https://api.correoargentino.com.ar/micorreo/v1/token"}
{"level":"warn","message":"Correo Argentino: no hay token, usando tracking simulado","timestamp":"2026-01-02T13:35:20.172Z"}
{"level":"info","message":"Solicitando cotización a Correo Argentino","request":{"cpReceiver":"2000","cpSender":"2000","declaredValue":75000,"weight":500},"timestamp":"2026-01-02T13:36:18.556Z"}
{"level":"info","message":"Correo Argentino: solicitando token","timestamp":"2026-01-02T13:36:18.559Z","url":"https://api.correoargentino.com.ar/micorreo/v1/token","user":"jua***"}
{"body":"{\"code\":401,\"message\":\"Unauthorized\"}","level":"error","message":"Correo Argentino: no se pudo obtener token","status":401,"statusText":"Unauthorized","timestamp":"2026-01-02T13:36:19.010Z","url":"https://api.correoargentino.com.ar/micorreo/v1/token"}
{"level":"warn","message":"Correo Argentino: sin token, devolviendo tarifas estimadas","timestamp":"2026-01-02T13:36:19.013Z"}
{"level":"info","message":"Solicitando cotización a Correo Argentino","request":{"cpReceiver":"2000","cpSender":"2000","declaredValue":75000,"weight":500},"timestamp":"2026-01-02T13:36:19.642Z"}
{"level":"info","message":"Correo Argentino: solicitando token","timestamp":"2026-01-02T13:36:19.644Z","url":"https://api.correoargentino.com.ar/micorreo/v1/token","user":"jua***"}
{"body":"{\"code\":401,\"message\":\"Unauthorized\"}","level":"error","message":"Correo Argentino: no se pudo obtener token","status":401,"statusText":"Unauthorized","timestamp":"2026-01-02T13:36:19.782Z","url":"https://api.correoargentino.com.ar/micorreo/v1/token"}
{"level":"warn","message":"Correo Argentino: sin token, devolviendo tarifas estimadas","timestamp":"2026-01-02T13:36:19.786Z"}
{"level":"info","message":"Correo Argentino: solicitando token","timestamp":"2026-01-02T13:37:44.305Z","url":"https://api.correoargentino.com.ar/micorreo/v1/token","user":"jua***"}
{"body":"{\"code\":401,\"message\":\"Unauthorized\"}","level":"error","message":"Correo Argentino: no se pudo obtener token","status":401,"statusText":"Unauthorized","timestamp":"2026-01-02T13:37:44.675Z","url":"https://api.correoargentino.com.ar/micorreo/v1/token"}
{"level":"warn","message":"Correo Argentino: no hay token, usando tracking simulado","timestamp":"2026-01-02T13:37:44.678Z"}
{"level":"info","message":"Solicitando cotización a Correo Argentino","request":{"cpReceiver":"2000","cpSender":"2000","declaredValue":75000,"weight":500},"timestamp":"2026-01-02T13:39:41.481Z"}
{"level":"info","message":"Correo Argentino: solicitando token","timestamp":"2026-01-02T13:39:41.484Z","url":"https://api.correoargentino.com.ar/micorreo/v1/token","user":"jua***"}
{"body":"{\"code\":401,\"message\":\"Unauthorized\"}","level":"error","message":"Correo Argentino: no se pudo obtener token","status":401,"statusText":"Unauthorized","timestamp":"2026-01-02T13:39:41.841Z","url":"https://api.correoargentino.com.ar/micorreo/v1/token"}
{"level":"warn","message":"Correo Argentino: sin token, devolviendo tarifas estimadas","timestamp":"2026-01-02T13:39:41.843Z"}
{"level":"info","message":"Solicitando cotización a Correo Argentino","request":{"cpReceiver":"2000","cpSender":"2000","declaredValue":75000,"weight":500},"timestamp":"2026-01-02T13:39:42.403Z"}
{"level":"info","message":"Correo Argentino: solicitando token","timestamp":"2026-01-02T13:39:42.404Z","url":"https://api.correoargentino.com.ar/micorreo/v1/token","user":"jua***"}
{"body":"{\"code\":401,\"message\":\"Unauthorized\"}","level":"error","message":"Correo Argentino: no se pudo obtener token","status":401,"statusText":"Unauthorized","timestamp":"2026-01-02T13:39:42.580Z","url":"https://api.correoargentino.com.ar/micorreo/v1/token"}
{"level":"warn","message":"Correo Argentino: sin token, devolviendo tarifas estimadas","timestamp":"2026-01-02T13:39:42.581Z"}
{"level":"info","message":"Correo Argentino: solicitando token","timestamp":"2026-01-02T13:39:55.116Z","url":"https://api.correoargentino.com.ar/micorreo/v1/token","user":"jua***"}
{"body":"{\"code\":401,\"message\":\"Unauthorized\"}","level":"error","message":"Correo Argentino: no se pudo obtener token","status":401,"statusText":"Unauthorized","timestamp":"2026-01-02T13:39:55.382Z","url":"https://api.correoargentino.com.ar/micorreo/v1/token"}
{"level":"warn","message":"Correo Argentino: no hay token, usando tracking simulado","timestamp":"2026-01-02T13:39:55.385Z"}
{"level":"info","message":"Solicitando cotización a Correo Argentino","request":{"cpReceiver":"2000","cpSender":"2000","declaredValue":121212,"weight":500},"timestamp":"2026-01-02T13:41:51.585Z"}
{"level":"info","message":"Correo Argentino: solicitando token","timestamp":"2026-01-02T13:41:51.592Z","url":"https://api.correoargentino.com.ar/micorreo/v1/token","user":"jua***"}
{"body":"{\"code\":401,\"message\":\"Unauthorized\"}","level":"error","message":"Correo Argentino: no se pudo obtener token","status":401,"statusText":"Unauthorized","timestamp":"2026-01-02T13:41:52.011Z","url":"https://api.correoargentino.com.ar/micorreo/v1/token"}
{"level":"warn","message":"Correo Argentino: sin token, devolviendo tarifas estimadas","timestamp":"2026-01-02T13:41:52.014Z"}
{"level":"info","message":"Solicitando cotización a Correo Argentino","request":{"cpReceiver":"2000","cpSender":"2000","declaredValue":121212,"weight":500},"timestamp":"2026-01-02T13:41:52.643Z"}
{"level":"info","message":"Correo Argentino: solicitando token","timestamp":"2026-01-02T13:41:52.645Z","url":"https://api.correoargentino.com.ar/micorreo/v1/token","user":"jua***"}
{"body":"{\"code\":401,\"message\":\"Unauthorized\"}","level":"error","message":"Correo Argentino: no se pudo obtener token","status":401,"statusText":"Unauthorized","timestamp":"2026-01-02T13:41:52.794Z","url":"https://api.correoargentino.com.ar/micorreo/v1/token"}
{"level":"warn","message":"Correo Argentino: sin token, devolviendo tarifas estimadas","timestamp":"2026-01-02T13:41:52.797Z"}
{"level":"info","message":"Correo Argentino: solicitando token","timestamp":"2026-01-02T13:42:01.160Z","url":"https://api.correoargentino.com.ar/micorreo/v1/token","user":"jua***"}
{"body":"{\"code\":401,\"message\":\"Unauthorized\"}","level":"error","message":"Correo Argentino: no se pudo obtener token","status":401,"statusText":"Unauthorized","timestamp":"2026-01-02T13:42:01.446Z","url":"https://api.correoargentino.com.ar/micorreo/v1/token"}
{"level":"warn","message":"Correo Argentino: no hay token, usando tracking simulado","timestamp":"2026-01-02T13:42:01.450Z"}
{"level":"info","message":"Solicitando cotización a Correo Argentino","request":{"cpReceiver":"2000","cpSender":"2000","declaredValue":121212,"weight":500},"timestamp":"2026-01-02T13:44:12.754Z"}
{"level":"info","message":"Correo Argentino: solicitando token","timestamp":"2026-01-02T13:44:12.761Z","url":"https://api.correoargentino.com.ar/micorreo/v1/token","user":"jua***"}
{"body":"{\"code\":401,\"message\":\"Unauthorized\"}","level":"error","message":"Correo Argentino: no se pudo obtener token","status":401,"statusText":"Unauthorized","timestamp":"2026-01-02T13:44:13.159Z","url":"https://api.correoargentino.com.ar/micorreo/v1/token"}
{"level":"warn","message":"Correo Argentino: sin token, devolviendo tarifas estimadas","timestamp":"2026-01-02T13:44:13.163Z"}
{"level":"info","message":"Solicitando cotización a Correo Argentino","request":{"cpReceiver":"2000","cpSender":"2000","declaredValue":121212,"weight":500},"timestamp":"2026-01-02T13:44:13.917Z"}
{"level":"info","message":"Correo Argentino: solicitando token","timestamp":"2026-01-02T13:44:13.919Z","url":"https://api.correoargentino.com.ar/micorreo/v1/token","user":"jua***"}
{"body":"{\"code\":401,\"message\":\"Unauthorized\"}","level":"error","message":"Correo Argentino: no se pudo obtener token","status":401,"statusText":"Unauthorized","timestamp":"2026-01-02T13:44:14.085Z","url":"https://api.correoargentino.com.ar/micorreo/v1/token"}
{"level":"warn","message":"Correo Argentino: sin token, devolviendo tarifas estimadas","timestamp":"2026-01-02T13:44:14.089Z"}
{"level":"info","message":"Correo Argentino: solicitando token","timestamp":"2026-01-02T13:44:20.960Z","url":"https://api.correoargentino.com.ar/micorreo/v1/token","user":"jua***"}
{"body":"{\"code\":401,\"message\":\"Unauthorized\"}","level":"error","message":"Correo Argentino: no se pudo obtener token","status":401,"statusText":"Unauthorized","timestamp":"2026-01-02T13:44:21.247Z","url":"https://api.correoargentino.com.ar/micorreo/v1/token"}
{"level":"warn","message":"Correo Argentino: no hay token, usando tracking simulado","timestamp":"2026-01-02T13:44:21.250Z"}
{"level":"info","message":"Solicitando cotización a Correo Argentino","request":{"cpReceiver":"2000","cpSender":"2000","declaredValue":121212,"weight":500},"timestamp":"2026-01-02T13:46:36.385Z"}
{"level":"info","message":"Correo Argentino: solicitando token","timestamp":"2026-01-02T13:46:36.388Z","url":"https://api.correoargentino.com.ar/micorreo/v1/token","user":"jua***"}
{"body":"{\"code\":401,\"message\":\"Unauthorized\"}","level":"error","message":"Correo Argentino: no se pudo obtener token","status":401,"statusText":"Unauthorized","timestamp":"2026-01-02T13:46:36.841Z","url":"https://api.correoargentino.com.ar/micorreo/v1/token"}
{"level":"warn","message":"Correo Argentino: sin token, devolviendo tarifas estimadas","timestamp":"2026-01-02T13:46:36.843Z"}
{"level":"info","message":"Solicitando cotización a Correo Argentino","request":{"cpReceiver":"2000","cpSender":"2000","declaredValue":121212,"weight":500},"timestamp":"2026-01-02T13:46:37.469Z"}
{"level":"info","message":"Correo Argentino: solicitando token","timestamp":"2026-01-02T13:46:37.472Z","url":"https://api.correoargentino.com.ar/micorreo/v1/token","user":"jua***"}
{"body":"{\"code\":401,\"message\":\"Unauthorized\"}","level":"error","message":"Correo Argentino: no se pudo obtener token","status":401,"statusText":"Unauthorized","timestamp":"2026-01-02T13:46:37.600Z","url":"https://api.correoargentino.com.ar/micorreo/v1/token"}
{"level":"warn","message":"Correo Argentino: sin token, devolviendo tarifas estimadas","timestamp":"2026-01-02T13:46:37.603Z"}
{"level":"info","message":"Correo Argentino: solicitando token","timestamp":"2026-01-02T13:47:09.641Z","url":"https://api.correoargentino.com.ar/micorreo/v1/token","user":"jua***"}
{"body":"{\"code\":401,\"message\":\"Unauthorized\"}","level":"error","message":"Correo Argentino: no se pudo obtener token","status":401,"statusText":"Unauthorized","timestamp":"2026-01-02T13:47:10.027Z","url":"https://api.correoargentino.com.ar/micorreo/v1/token"}
{"level":"warn","message":"Correo Argentino: no hay token, usando tracking simulado","timestamp":"2026-01-02T13:47:10.030Z"}
{"level":"info","message":"Solicitando cotización a Correo Argentino","request":{"cpReceiver":"2000","cpSender":"2000","declaredValue":121212,"weight":500},"timestamp":"2026-01-02T13:49:08.482Z"}
{"level":"info","message":"Correo Argentino: solicitando token","timestamp":"2026-01-02T13:49:08.491Z","url":"https://api.correoargentino.com.ar/micorreo/v1/token","user":"jua***"}
{"body":"{\"code\":401,\"message\":\"Unauthorized\"}","level":"error","message":"Correo Argentino: no se pudo obtener token","status":401,"statusText":"Unauthorized","timestamp":"2026-01-02T13:49:08.904Z","url":"https://api.correoargentino.com.ar/micorreo/v1/token"}
{"level":"warn","message":"Correo Argentino: sin token, devolviendo tarifas estimadas","timestamp":"2026-01-02T13:49:08.907Z"}
{"level":"info","message":"Solicitando cotización a Correo Argentino","request":{"cpReceiver":"2000","cpSender":"2000","declaredValue":121212,"weight":500},"timestamp":"2026-01-02T13:49:09.580Z"}
{"level":"info","message":"Correo Argentino: solicitando token","timestamp":"2026-01-02T13:49:09.583Z","url":"https://api.correoargentino.com.ar/micorreo/v1/token","user":"jua***"}
{"body":"{\"code\":401,\"message\":\"Unauthorized\"}","level":"error","message":"Correo Argentino: no se pudo obtener token","status":401,"statusText":"Unauthorized","timestamp":"2026-01-02T13:49:09.703Z","url":"https://api.correoargentino.com.ar/micorreo/v1/token"}
{"level":"warn","message":"Correo Argentino: sin token, devolviendo tarifas estimadas","timestamp":"2026-01-02T13:49:09.706Z"}
{"level":"info","message":"Correo Argentino: solicitando token","timestamp":"2026-01-02T13:49:18.417Z","url":"https://api.correoargentino.com.ar/micorreo/v1/token","user":"jua***"}
{"body":"{\"code\":401,\"message\":\"Unauthorized\"}","level":"error","message":"Correo Argentino: no se pudo obtener token","status":401,"statusText":"Unauthorized","timestamp":"2026-01-02T13:49:19.246Z","url":"https://api.correoargentino.com.ar/micorreo/v1/token"}
{"level":"warn","message":"Correo Argentino: no hay token, usando tracking simulado","timestamp":"2026-01-02T13:49:19.250Z"}
{"level":"info","message":"Solicitando cotización a Correo Argentino","request":{"cpReceiver":"2000","cpSender":"2000","declaredValue":363636,"weight":1500},"timestamp":"2026-01-02T13:51:39.865Z"}
{"level":"info","message":"Correo Argentino: solicitando token","timestamp":"2026-01-02T13:51:39.868Z","url":"https://api.correoargentino.com.ar/micorreo/v1/token","user":"jua***"}
{"body":"{\"code\":401,\"message\":\"Unauthorized\"}","level":"error","message":"Correo Argentino: no se pudo obtener token","status":401,"statusText":"Unauthorized","timestamp":"2026-01-02T13:51:40.382Z","url":"https://api.correoargentino.com.ar/micorreo/v1/token"}
{"level":"warn","message":"Correo Argentino: sin token, devolviendo tarifas estimadas","timestamp":"2026-01-02T13:51:40.384Z"}
{"level":"info","message":"Solicitando cotización a Correo Argentino","request":{"cpReceiver":"2000","cpSender":"2000","declaredValue":363636,"weight":1500},"timestamp":"2026-01-02T13:51:41.121Z"}
{"level":"info","message":"Correo Argentino: solicitando token","timestamp":"2026-01-02T13:51:41.123Z","url":"https://api.correoargentino.com.ar/micorreo/v1/token","user":"jua***"}
{"body":"{\"code\":401,\"message\":\"Unauthorized\"}","level":"error","message":"Correo Argentino: no se pudo obtener token","status":401,"statusText":"Unauthorized","timestamp":"2026-01-02T13:51:41.268Z","url":"https://api.correoargentino.com.ar/micorreo/v1/token"}
{"level":"warn","message":"Correo Argentino: sin token, devolviendo tarifas estimadas","timestamp":"2026-01-02T13:51:41.271Z"}
{"level":"info","message":"Correo Argentino: solicitando token","timestamp":"2026-01-02T13:51:49.166Z","url":"https://api.correoargentino.com.ar/micorreo/v1/token","user":"jua***"}
{"body":"{\"code\":401,\"message\":\"Unauthorized\"}","level":"error","message":"Correo Argentino: no se pudo obtener token","status":401,"statusText":"Unauthorized","timestamp":"2026-01-02T13:51:49.459Z","url":"https://api.correoargentino.com.ar/micorreo/v1/token"}
{"level":"warn","message":"Correo Argentino: no hay token, usando tracking simulado","timestamp":"2026-01-02T13:51:49.462Z"}
{"level":"info","message":"Solicitando cotización a Correo Argentino","request":{"cpReceiver":"2000","cpSender":"2000","declaredValue":75000,"weight":500},"timestamp":"2026-01-02T13:53:12.273Z"}
{"level":"info","message":"Correo Argentino: solicitando token","timestamp":"2026-01-02T13:53:12.275Z","url":"https://api.correoargentino.com.ar/micorreo/v1/token","user":"jua***"}
{"body":"{\"code\":401,\"message\":\"Unauthorized\"}","level":"error","message":"Correo Argentino: no se pudo obtener token","status":401,"statusText":"Unauthorized","timestamp":"2026-01-02T13:53:12.690Z","url":"https://api.correoargentino.com.ar/micorreo/v1/token"}
{"level":"warn","message":"Correo Argentino: sin token, devolviendo tarifas estimadas","timestamp":"2026-01-02T13:53:12.693Z"}
{"level":"info","message":"Solicitando cotización a Correo Argentino","request":{"cpReceiver":"2000","cpSender":"2000","declaredValue":75000,"weight":500},"timestamp":"2026-01-02T13:53:13.394Z"}
{"level":"info","message":"Correo Argentino: solicitando token","timestamp":"2026-01-02T13:53:13.396Z","url":"https://api.correoargentino.com.ar/micorreo/v1/token","user":"jua***"}
{"body":"{\"code\":401,\"message\":\"Unauthorized\"}","level":"error","message":"Correo Argentino: no se pudo obtener token","status":401,"statusText":"Unauthorized","timestamp":"2026-01-02T13:53:13.529Z","url":"https://api.correoargentino.com.ar/micorreo/v1/token"}
{"level":"warn","message":"Correo Argentino: sin token, devolviendo tarifas estimadas","timestamp":"2026-01-02T13:53:13.532Z"}
{"level":"info","message":"Correo Argentino: solicitando token","timestamp":"2026-01-02T13:53:20.819Z","url":"https://api.correoargentino.com.ar/micorreo/v1/token","user":"jua***"}
{"body":"{\"code\":401,\"message\":\"Unauthorized\"}","level":"error","message":"Correo Argentino: no se pudo obtener token","status":401,"statusText":"Unauthorized","timestamp":"2026-01-02T13:53:21.103Z","url":"https://api.correoargentino.com.ar/micorreo/v1/token"}
{"level":"warn","message":"Correo Argentino: no hay token, usando tracking simulado","timestamp":"2026-01-02T13:53:21.106Z"}
{"level":"info","message":"Solicitando cotización a Correo Argentino","request":{"cpReceiver":"2000","cpSender":"2000","declaredValue":75000,"weight":500},"timestamp":"2026-01-02T13:56:47.569Z"}
{"level":"info","message":"Correo Argentino: solicitando token","timestamp":"2026-01-02T13:56:47.572Z","url":"https://api.correoargentino.com.ar/micorreo/v1/token","user":"jua***"}
{"body":"{\"code\":401,\"message\":\"Unauthorized\"}","level":"error","message":"Correo Argentino: no se pudo obtener token","status":401,"statusText":"Unauthorized","timestamp":"2026-01-02T13:56:48.150Z","url":"https://api.correoargentino.com.ar/micorreo/v1/token"}
{"level":"warn","message":"Correo Argentino: sin token, devolviendo tarifas estimadas","timestamp":"2026-01-02T13:56:48.154Z"}
{"level":"info","message":"Solicitando cotización a Correo Argentino","request":{"cpReceiver":"2000","cpSender":"2000","declaredValue":75000,"weight":500},"timestamp":"2026-01-02T13:56:48.782Z"}
{"level":"info","message":"Correo Argentino: solicitando token","timestamp":"2026-01-02T13:56:48.785Z","url":"https://api.correoargentino.com.ar/micorreo/v1/token","user":"jua***"}
{"body":"{\"code\":401,\"message\":\"Unauthorized\"}","level":"error","message":"Correo Argentino: no se pudo obtener token","status":401,"statusText":"Unauthorized","timestamp":"2026-01-02T13:56:48.912Z","url":"https://api.correoargentino.com.ar/micorreo/v1/token"}
{"level":"warn","message":"Correo Argentino: sin token, devolviendo tarifas estimadas","timestamp":"2026-01-02T13:56:48.914Z"}
{"level":"info","message":"Correo Argentino: solicitando token","timestamp":"2026-01-02T13:56:59.338Z","url":"https://api.correoargentino.com.ar/micorreo/v1/token","user":"jua***"}
{"body":"{\"code\":401,\"message\":\"Unauthorized\"}","level":"error","message":"Correo Argentino: no se pudo obtener token","status":401,"statusText":"Unauthorized","timestamp":"2026-01-02T13:56:59.664Z","url":"https://api.correoargentino.com.ar/micorreo/v1/token"}
{"level":"warn","message":"Correo Argentino: no hay token, usando tracking simulado","timestamp":"2026-01-02T13:56:59.667Z"}
