2025-09-21T21:04:40.161Z | ERROR | Unhandled error
2025-10-28T00:31:55.492Z | ERROR | Unhandled error
2025-10-28T00:33:25.229Z | ERROR | Unhandled error
2025-10-28T00:38:26.968Z | ERROR | Unhandled error
2025-10-28T00:39:18.274Z | ERROR | Unhandled error
2025-10-28T00:44:45.731Z | ERROR | Unhandled error
2025-10-28T00:49:02.995Z | ERROR | Unhandled error
2025-10-28T00:49:22.601Z | ERROR | Unhandled error
2025-10-28T00:52:32.686Z | ERROR | Unhandled error
2025-10-28T00:56:22.708Z | ERROR | Unhandled error
2025-10-28T00:57:11.090Z | ERROR | Unhandled error
2025-10-28T01:03:59.073Z | ERROR | Unhandled error
2025-10-28T01:04:42.019Z | ERROR | Unhandled error
2025-10-28T01:05:09.193Z | ERROR | Unhandled error
2025-10-28T01:05:27.164Z | ERROR | Unhandled error
2025-10-28T01:05:38.780Z | ERROR | Unhandled error
2025-10-28T01:05:52.816Z | ERROR | Unhandled error
2025-10-28T01:06:34.576Z | ERROR | Unhandled error
2025-10-28T01:07:07.746Z | ERROR | Unhandled error
2025-10-28T01:09:02.717Z | ERROR | Unhandled error
2025-10-28T01:09:02.965Z | ERROR | Unhandled error
2025-10-28T01:09:22.423Z | ERROR | Unhandled error
2025-10-28T01:09:22.683Z | ERROR | Unhandled error
2025-10-28T01:10:53.231Z | ERROR | Unhandled error
2025-10-28T01:10:53.461Z | ERROR | Unhandled error
2025-10-28T01:10:59.567Z | ERROR | Unhandled error
2025-10-28T01:10:59.774Z | ERROR | Unhandled error
2025-11-21T01:05:41.892Z | ERROR | Unhandled error
2025-11-21T01:05:42.041Z | ERROR | Unhandled error
2025-11-21T02:18:46.818Z | ERROR | Unhandled error
2025-11-21T02:19:23.516Z | ERROR | Unhandled error
2025-11-21T02:19:39.419Z | ERROR | Unhandled error
2025-11-21T02:20:58.226Z | ERROR | Unhandled error
2025-11-24T02:26:25.361Z | ERROR | Unhandled error
2025-11-24T02:52:34.528Z | ERROR | Unhandled error
2025-11-24T02:52:45.016Z | ERROR | Unhandled error
2025-11-24T02:54:02.509Z | ERROR | Unhandled error
2025-11-24T02:56:04.004Z | ERROR | Unhandled error
2025-11-24T03:01:08.669Z | ERROR | Unhandled error
2025-11-24T03:04:07.519Z | ERROR | Unhandled error
2025-11-24T03:06:22.412Z | ERROR | Unhandled error
2025-12-08T15:59:00.485Z | ERROR | Unhandled error
2025-12-29T19:58:01.516Z | ERROR | Unhandled error
2025-12-29T20:02:50.366Z | ERROR | Unhandled error
2025-12-29T20:06:35.764Z | ERROR | Unhandled error
2025-12-29T20:07:06.405Z | ERROR | Unhandled error
2025-12-29T20:09:43.958Z | ERROR | Unhandled error
2025-12-29T20:13:26.349Z | ERROR | Unhandled error
2025-12-29T20:13:28.622Z | ERROR | Unhandled error
2025-12-29T20:22:16.517Z | ERROR | Unhandled error
2025-12-29T20:22:20.864Z | ERROR | Unhandled error
2025-12-29T20:26:37.642Z | ERROR | Unhandled error
2025-12-29T20:31:12.426Z | ERROR | Unhandled error
2025-12-29T20:53:13.198Z | ERROR | Unhandled error
2025-12-29T20:53:23.277Z | ERROR | Unhandled error
2025-12-29T20:55:41.606Z | ERROR | Unhandled error
2025-12-29T20:56:18.498Z | ERROR | Unhandled error
2025-12-29T20:57:46.277Z | ERROR | Unhandled error
2025-12-29T20:57:59.472Z | ERROR | Unhandled error
2025-12-29T20:58:00.628Z | ERROR | Unhandled error
2025-12-29T20:58:46.033Z | ERROR | Unhandled error
2025-12-29T21:01:16.347Z | ERROR | Unhandled error
2025-12-29T21:01:31.050Z | ERROR | Unhandled error
2025-12-29T21:01:32.717Z | ERROR | Unhandled error
2025-12-29T21:02:58.896Z | ERROR | Unhandled error
2026-01-01T21:22:41.043Z | INFO | Solicitando cotización a Correo Argentino
2026-01-01T21:22:41.429Z | ERROR | Error al obtener cotización de Correo Argentino
2026-01-01T21:26:21.314Z | INFO | Solicitando cotización a Correo Argentino
2026-01-01T21:26:21.612Z | ERROR | Error al obtener cotización de Correo Argentino
2026-01-01T21:34:40.423Z | INFO | Solicitando cotización a Correo Argentino
2026-01-01T21:34:40.815Z | ERROR | Error al obtener cotización de Correo Argentino
2026-01-01T21:34:41.532Z | INFO | Solicitando cotización a Correo Argentino
2026-01-01T21:34:41.763Z | ERROR | Error al obtener cotización de Correo Argentino
2026-01-01T21:35:42.032Z | INFO | Solicitando cotización a Correo Argentino
2026-01-01T21:35:42.364Z | ERROR | Error al obtener cotización de Correo Argentino
2026-01-01T21:35:43.060Z | INFO | Solicitando cotización a Correo Argentino
2026-01-01T21:35:43.372Z | ERROR | Error al obtener cotización de Correo Argentino
2026-01-01T21:41:34.304Z | INFO | Solicitando cotización a Correo Argentino
2026-01-01T21:41:34.696Z | ERROR | Error al obtener cotización de Correo Argentino
2026-01-01T21:41:35.370Z | INFO | Solicitando cotización a Correo Argentino
2026-01-01T21:41:35.635Z | ERROR | Error al obtener cotización de Correo Argentino
2026-01-01T21:45:20.276Z | INFO | Solicitando cotización a Correo Argentino
2026-01-01T21:45:20.618Z | ERROR | Error al obtener cotización de Correo Argentino
2026-01-01T21:45:21.335Z | INFO | Solicitando cotización a Correo Argentino
2026-01-01T21:45:21.626Z | ERROR | Error al obtener cotización de Correo Argentino
2026-01-01T21:45:29.396Z | INFO | Solicitando cotización a Correo Argentino
2026-01-01T21:45:29.619Z | ERROR | Error al obtener cotización de Correo Argentino
2026-01-01T21:45:30.265Z | INFO | Solicitando cotización a Correo Argentino
2026-01-01T21:45:30.713Z | ERROR | Error al obtener cotización de Correo Argentino
2026-01-01T21:45:50.490Z | INFO | Solicitando cotización a Correo Argentino
2026-01-01T21:45:50.837Z | ERROR | Error al obtener cotización de Correo Argentino
2026-01-01T21:45:51.515Z | INFO | Solicitando cotización a Correo Argentino
2026-01-01T21:45:51.719Z | ERROR | Error al obtener cotización de Correo Argentino
2026-01-01T21:48:06.672Z | INFO | Solicitando cotización a Correo Argentino
2026-01-01T21:48:07.140Z | ERROR | Error al obtener cotización de Correo Argentino
2026-01-01T21:48:08.692Z | INFO | Solicitando cotización a Correo Argentino
2026-01-01T21:48:08.932Z | ERROR | Error al obtener cotización de Correo Argentino
2026-01-01T21:53:15.987Z | INFO | Solicitando cotización a Correo Argentino
2026-01-01T21:53:16.314Z | ERROR | Error al obtener cotización de Correo Argentino
2026-01-01T21:53:17.244Z | INFO | Solicitando cotización a Correo Argentino
2026-01-01T21:53:17.437Z | ERROR | Error al obtener cotización de Correo Argentino
2026-01-01T21:57:34.201Z | INFO | Solicitando cotización a Correo Argentino
2026-01-01T21:57:34.550Z | ERROR | Error al obtener cotización de Correo Argentino
2026-01-01T21:57:35.239Z | INFO | Solicitando cotización a Correo Argentino
2026-01-01T21:57:35.633Z | ERROR | Error al obtener cotización de Correo Argentino
2026-01-01T21:57:40.765Z | INFO | Solicitando cotización a Correo Argentino
2026-01-01T21:57:40.982Z | ERROR | Error al obtener cotización de Correo Argentino
2026-01-01T21:57:41.779Z | INFO | Solicitando cotización a Correo Argentino
2026-01-01T21:57:42.046Z | ERROR | Error al obtener cotización de Correo Argentino
2026-01-01T21:59:08.066Z | INFO | Solicitando cotización a Correo Argentino
2026-01-01T21:59:08.440Z | ERROR | Error al obtener cotización de Correo Argentino
2026-01-01T21:59:09.161Z | INFO | Solicitando cotización a Correo Argentino
2026-01-01T21:59:09.431Z | ERROR | Error al obtener cotización de Correo Argentino
2026-01-01T22:06:35.974Z | ERROR | Unhandled error
2026-01-01T22:09:33.594Z | ERROR | Unhandled error
2026-01-01T22:18:39.360Z | ERROR | Unhandled error
2026-01-01T22:20:12.155Z | ERROR | Unhandled error
2026-01-01T22:22:21.979Z | ERROR | Unhandled error
2026-01-01T22:38:37.901Z | INFO | Solicitando cotización a Correo Argentino
2026-01-01T22:38:38.233Z | ERROR | Error al obtener cotización de Correo Argentino
2026-01-01T22:38:39.088Z | INFO | Solicitando cotización a Correo Argentino
2026-01-01T22:38:39.361Z | ERROR | Error al obtener cotización de Correo Argentino
2026-01-01T22:46:23.805Z | INFO | Solicitando cotización a Correo Argentino
2026-01-01T22:46:24.201Z | ERROR | Error al obtener cotización de Correo Argentino
2026-01-01T22:46:25.148Z | INFO | Solicitando cotización a Correo Argentino
2026-01-01T22:46:25.372Z | ERROR | Error al obtener cotización de Correo Argentino
2026-01-01T22:46:33.733Z | ERROR | Unhandled error
2026-01-01T22:47:19.804Z | ERROR | Unhandled error
2026-01-01T22:51:41.742Z | ERROR | Unhandled error
2026-01-01T23:13:55.093Z | INFO | Solicitando cotización a Correo Argentino
2026-01-01T23:13:55.240Z | ERROR | Correo Argentino: error solicitando token
2026-01-01T23:13:55.248Z | WARN | Correo Argentino: sin token, devolviendo tarifas estimadas
2026-01-01T23:13:56.037Z | INFO | Solicitando cotización a Correo Argentino
2026-01-01T23:13:56.046Z | ERROR | Correo Argentino: error solicitando token
2026-01-01T23:13:56.048Z | WARN | Correo Argentino: sin token, devolviendo tarifas estimadas
2026-01-01T23:17:16.419Z | INFO | Solicitando cotización a Correo Argentino
2026-01-01T23:17:16.457Z | ERROR | Correo Argentino: error solicitando token
2026-01-01T23:17:16.460Z | WARN | Correo Argentino: sin token, devolviendo tarifas estimadas
2026-01-01T23:17:17.130Z | INFO | Solicitando cotización a Correo Argentino
2026-01-01T23:17:17.139Z | ERROR | Correo Argentino: error solicitando token
2026-01-01T23:17:17.141Z | WARN | Correo Argentino: sin token, devolviendo tarifas estimadas
2026-01-01T23:17:28.801Z | ERROR | Correo Argentino: error solicitando token
2026-01-01T23:17:28.810Z | WARN | Correo Argentino: no hay token, usando tracking simulado
2026-01-01T23:17:51.924Z | ERROR | Correo Argentino: error solicitando token
2026-01-01T23:17:51.927Z | ERROR | Error generando etiqueta
2026-01-01T23:19:31.594Z | INFO | Solicitando cotización a Correo Argentino
2026-01-01T23:19:31.669Z | ERROR | Correo Argentino: error solicitando token
2026-01-01T23:19:31.674Z | WARN | Correo Argentino: sin token, devolviendo tarifas estimadas
2026-01-01T23:19:32.425Z | INFO | Solicitando cotización a Correo Argentino
2026-01-01T23:19:32.436Z | ERROR | Correo Argentino: error solicitando token
2026-01-01T23:19:32.440Z | WARN | Correo Argentino: sin token, devolviendo tarifas estimadas
2026-01-01T23:19:39.438Z | ERROR | Correo Argentino: error solicitando token
2026-01-01T23:19:39.443Z | WARN | Correo Argentino: no hay token, usando tracking simulado
2026-01-01T23:21:30.121Z | INFO | Solicitando cotización a Correo Argentino
2026-01-01T23:21:30.162Z | ERROR | Correo Argentino: error solicitando token
2026-01-01T23:21:30.167Z | WARN | Correo Argentino: sin token, devolviendo tarifas estimadas
2026-01-01T23:21:30.981Z | INFO | Solicitando cotización a Correo Argentino
2026-01-01T23:21:30.985Z | ERROR | Correo Argentino: error solicitando token
2026-01-01T23:21:30.986Z | WARN | Correo Argentino: sin token, devolviendo tarifas estimadas
